
################################################################
##                                                            ##
##  CHIPSEC: Platform Hardware Security Assessment Framework  ##
##                                                            ##
################################################################
[CHIPSEC] Version  : 2.0.7
[CHIPSEC] Start    : 2026-08-13 18:06:03
[CHIPSEC] Arguments: -m common.bios_wp -l /media/null/ares/intel-dram-alias/research/chipsec-common_bios_wp.log -nl

ERROR: Message: "Cannot find chipsec.ko module"

################################################################
##                                                            ##
##  CHIPSEC: Platform Hardware Security Assessment Framework  ##
##                                                            ##
################################################################
[CHIPSEC] Version  : 2.0.7
[CHIPSEC] Start    : 2026-08-13 18:06:15
[CHIPSEC] Arguments: -m common.bios_wp -l /media/null/ares/intel-dram-alias/research/chipsec-common_bios_wp.log -nl

ERROR: Message: "Cannot find chipsec.ko module"

################################################################
##                                                            ##
##  CHIPSEC: Platform Hardware Security Assessment Framework  ##
##                                                            ##
################################################################
[CHIPSEC] Version  : 2.0.7
[CHIPSEC] Start    : 2026-08-13 18:06:43
[CHIPSEC] Arguments: -m common.bios_wp -l /media/null/ares/intel-dram-alias/research/chipsec-common_bios_wp.log -nl


[CHIPSEC] OS      : Linux 6.18.0-9-generic #9-Ubuntu SMP PREEMPT_DYNAMIC Mon Jan 12 16:49:02 UTC 2026 x86_64
[CHIPSEC] Python  : 3.14.4 (64-bit) - Enabled GIL
[CHIPSEC] Helper  : LinuxHelper (/media/null/ares/intel-dram-alias/research/sources/chipsec/chipsec/helper/linux/chipsec.ko)

[CHIPSEC] Mfg ID  : GenuineIntel
[CHIPSEC] Platform: RPL-S 8+16
[CHIPSEC]    CPUID: B0671
[CHIPSEC]      VID: 8086
[CHIPSEC]      DID: A700
[CHIPSEC]      RID: 01
[CHIPSEC] PCH     : Intel Z790 PCH
[CHIPSEC]      VID: 8086
[CHIPSEC]      DID: 7A04
[CHIPSEC]      RID: 11
 
[+] loaded chipsec.modules.common.bios_wp
[*] running loaded modules ..

[*] Running module: chipsec.modules.common.bios_wp
[*] Metadata tags: ['OPENSOURCE', 'IA', 'COMMON', 'BIOS_WP']
[x][ =======================================================================
[x][ Module: BIOS Region Write Protection
[x][ =======================================================================
Control: BIOSLOCKENABLE
        Description: BIOS Lock Enable
        Register: 8086.SPI.BC
        Field: BLE
        Value: 1
        Instance: bus: 0, dev: 31, func: 5, rid: 17
[+] BIOS region write protection is enabled (writes restricted to SMM)

[*] BIOS Region: Base = 0x01000000, Limit = 0x01FFFFFF
SPI Protected Ranges
------------------------------------------------------------
PRx (offset) | Value    | Base     | Limit    | WP? | RP?
------------------------------------------------------------
PR0 (84)     | 9FFF107F | 0107F000 | 01FFFFFF | 1   | 0 
PR1 (88)     | 00000000 | 00000000 | 00000000 | 0   | 0 
PR2 (8C)     | 00000000 | 00000000 | 00000000 | 0   | 0 
PR3 (90)     | 00000000 | 00000000 | 00000000 | 0   | 0 
PR4 (94)     | 00000000 | 00000000 | 00000000 | 0   | 0 
[*] BIOS Region: Base = 0x01000000, Limit = 0x01FFFFFF

[!] SPI protected ranges write-protect parts of BIOS region (other parts of BIOS can be modified)

[+] PASSED: BIOS is write protected

[CHIPSEC] ***************************  SUMMARY  ***************************
[CHIPSEC] Time elapsed            0.005
[CHIPSEC] Modules failed to run   0:
[CHIPSEC] Modules passed          1:
[+] PASSED: chipsec.modules.common.bios_wp
[CHIPSEC] Modules information     0:
[CHIPSEC] Modules failed          0:
[CHIPSEC] Modules with warnings   0:
[CHIPSEC] Modules not applicable  0:
[CHIPSEC] Modules total           1
[CHIPSEC] *****************************************************************
