
################################################################
##                                                            ##
##  CHIPSEC: Platform Hardware Security Assessment Framework  ##
##                                                            ##
################################################################
[CHIPSEC] Version  : 2.0.7
[CHIPSEC] Start    : 2026-08-13 18:06:04
[CHIPSEC] Arguments: -m common.spi_lock -l /media/null/ares/intel-dram-alias/research/chipsec-common_spi_lock.log -nl

ERROR: Message: "Cannot find chipsec.ko module"

################################################################
##                                                            ##
##  CHIPSEC: Platform Hardware Security Assessment Framework  ##
##                                                            ##
################################################################
[CHIPSEC] Version  : 2.0.7
[CHIPSEC] Start    : 2026-08-13 18:06:16
[CHIPSEC] Arguments: -m common.spi_lock -l /media/null/ares/intel-dram-alias/research/chipsec-common_spi_lock.log -nl

ERROR: Message: "Cannot find chipsec.ko module"

################################################################
##                                                            ##
##  CHIPSEC: Platform Hardware Security Assessment Framework  ##
##                                                            ##
################################################################
[CHIPSEC] Version  : 2.0.7
[CHIPSEC] Start    : 2026-08-13 18:06:44
[CHIPSEC] Arguments: -m common.spi_lock -l /media/null/ares/intel-dram-alias/research/chipsec-common_spi_lock.log -nl


[CHIPSEC] OS      : Linux 6.18.0-9-generic #9-Ubuntu SMP PREEMPT_DYNAMIC Mon Jan 12 16:49:02 UTC 2026 x86_64
[CHIPSEC] Python  : 3.14.4 (64-bit) - Enabled GIL
[CHIPSEC] Helper  : LinuxHelper (/media/null/ares/intel-dram-alias/research/sources/chipsec/chipsec/helper/linux/chipsec.ko)

[CHIPSEC] Mfg ID  : GenuineIntel
[CHIPSEC] Platform: RPL-S 8+16
[CHIPSEC]    CPUID: B0671
[CHIPSEC]      VID: 8086
[CHIPSEC]      DID: A700
[CHIPSEC]      RID: 01
[CHIPSEC] PCH     : Intel Z790 PCH
[CHIPSEC]      VID: 8086
[CHIPSEC]      DID: 7A04
[CHIPSEC]      RID: 11
 
[+] loaded chipsec.modules.common.spi_lock
[*] running loaded modules ..

[*] Running module: chipsec.modules.common.spi_lock
[*] Metadata tags: ['OPENSOURCE', 'IA', 'COMMON', 'SPI_LOCK']
[x][ =======================================================================
[x][ Module: SPI Flash Controller Configuration Locks
[x][ =======================================================================
Control: SPIWRITESTATUSDIS
        Description: Write Status Disable
        Register: 8086.SPI.HSFS
        Field: WRSDIS
        Value: 1
        Instance: instance: bus: 0, dev: 31, func: 5, rid: 17, base: 0x83100000, size: 0x0
[+] SPI write status disable set.
Control: FLASHLOCKDOWN
        Description: Flash Configuration Lock-Down
        Register: 8086.SPI.HSFS
        Field: FLOCKDN
        Value: 1
        Instance: instance: bus: 0, dev: 31, func: 5, rid: 17, base: 0x83100000, size: 0x0
[+] SPI Flash Controller configuration is locked
[+] PASSED: SPI Flash Controller locked correctly.

[CHIPSEC] ***************************  SUMMARY  ***************************
[CHIPSEC] Time elapsed            0.002
[CHIPSEC] Modules failed to run   0:
[CHIPSEC] Modules passed          1:
[+] PASSED: chipsec.modules.common.spi_lock
[CHIPSEC] Modules information     0:
[CHIPSEC] Modules failed          0:
[CHIPSEC] Modules with warnings   0:
[CHIPSEC] Modules not applicable  0:
[CHIPSEC] Modules total           1
[CHIPSEC] *****************************************************************
