
################################################################
##                                                            ##
##  CHIPSEC: Platform Hardware Security Assessment Framework  ##
##                                                            ##
################################################################
[CHIPSEC] Version  : 2.0.7
[CHIPSEC] Start    : 2026-08-13 18:06:05
[CHIPSEC] Arguments: -m common.smm -l /media/null/ares/intel-dram-alias/research/chipsec-common_smm.log -nl

ERROR: Message: "Cannot find chipsec.ko module"

################################################################
##                                                            ##
##  CHIPSEC: Platform Hardware Security Assessment Framework  ##
##                                                            ##
################################################################
[CHIPSEC] Version  : 2.0.7
[CHIPSEC] Start    : 2026-08-13 18:06:17
[CHIPSEC] Arguments: -m common.smm -l /media/null/ares/intel-dram-alias/research/chipsec-common_smm.log -nl

ERROR: Message: "Cannot find chipsec.ko module"

################################################################
##                                                            ##
##  CHIPSEC: Platform Hardware Security Assessment Framework  ##
##                                                            ##
################################################################
[CHIPSEC] Version  : 2.0.7
[CHIPSEC] Start    : 2026-08-13 18:06:45
[CHIPSEC] Arguments: -m common.smm -l /media/null/ares/intel-dram-alias/research/chipsec-common_smm.log -nl


[CHIPSEC] OS      : Linux 6.18.0-9-generic #9-Ubuntu SMP PREEMPT_DYNAMIC Mon Jan 12 16:49:02 UTC 2026 x86_64
[CHIPSEC] Python  : 3.14.4 (64-bit) - Enabled GIL
[CHIPSEC] Helper  : LinuxHelper (/media/null/ares/intel-dram-alias/research/sources/chipsec/chipsec/helper/linux/chipsec.ko)

[CHIPSEC] Mfg ID  : GenuineIntel
[CHIPSEC] Platform: RPL-S 8+16
[CHIPSEC]    CPUID: B0671
[CHIPSEC]      VID: 8086
[CHIPSEC]      DID: A700
[CHIPSEC]      RID: 01
[CHIPSEC] PCH     : Intel Z790 PCH
[CHIPSEC]      VID: 8086
[CHIPSEC]      DID: 7A04
[CHIPSEC]      RID: 11
 
[+] loaded chipsec.modules.common.smm
[*] running loaded modules ..

[*] Running module: chipsec.modules.common.smm
[*] Metadata tags: ['OPENSOURCE', 'IA', 'COMMON', 'SMM']
Either not a Core (client) platform or 'SMRAMC' not defined for platform. Skipping module.
Skipping module chipsec.modules.common.smm since it is not applicable in this environment and/or platform

[CHIPSEC] ***************************  SUMMARY  ***************************
[CHIPSEC] Time elapsed            0.001
[CHIPSEC] Modules failed to run   0:
[CHIPSEC] Modules passed          0:
[CHIPSEC] Modules information     0:
[CHIPSEC] Modules failed          0:
[CHIPSEC] Modules with warnings   0:
[CHIPSEC] Modules not applicable  1:
NOT APPLICABLE: chipsec.modules.common.smm
[CHIPSEC] Modules total           1
[CHIPSEC] *****************************************************************
