
################################################################
##                                                            ##
##  CHIPSEC: Platform Hardware Security Assessment Framework  ##
##                                                            ##
################################################################
[CHIPSEC] Version  : 2.0.7
[CHIPSEC] Start    : 2026-08-13 18:58:10
[CHIPSEC] Arguments: uefi s3bootscript

[!]            Results from this system may be incorrect.
WARNING: Not loading configurations. Platform will remain unknown.

[CHIPSEC] OS      : Linux 6.18.0-9-generic #9-Ubuntu SMP PREEMPT_DYNAMIC Mon Jan 12 16:49:02 UTC 2026 x86_64
[CHIPSEC] Python  : 3.14.4 (64-bit) - Enabled GIL
[CHIPSEC] Helper  : LinuxHelper (/media/null/ares/intel-dram-alias/research/sources/chipsec/chipsec/helper/linux/chipsec.ko)

[CHIPSEC] Mfg ID  : GenuineIntel
[CHIPSEC] Platform: Unrecognized Platform
[CHIPSEC]    CPUID: B0671
[CHIPSEC]      VID: FFFF
[CHIPSEC]      DID: FFFF
[CHIPSEC]      RID: FF
[CHIPSEC] Executing command 'uefi' with args ['s3bootscript']

[CHIPSEC] Searching for and parsing S3 resume bootscripts..
[CHIPSEC] Time elapsed 0.013
