
################################################################
##                                                            ##
##  CHIPSEC: Platform Hardware Security Assessment Framework  ##
##                                                            ##
################################################################
[CHIPSEC] Version  : 2.0.7
[CHIPSEC] Start    : 2026-08-13 19:00:02
[CHIPSEC] Arguments: mem read 0x7851a000 0x20f000 research/live-acpi-nvs-7851a000-0020f000.bin

[!]            Results from this system may be incorrect.
WARNING: Not loading configurations. Platform will remain unknown.

[CHIPSEC] OS      : Linux 6.18.0-9-generic #9-Ubuntu SMP PREEMPT_DYNAMIC Mon Jan 12 16:49:02 UTC 2026 x86_64
[CHIPSEC] Python  : 3.14.4 (64-bit) - Enabled GIL
[CHIPSEC] Helper  : LinuxHelper (/media/null/ares/intel-dram-alias/research/sources/chipsec/chipsec/helper/linux/chipsec.ko)

[CHIPSEC] Mfg ID  : GenuineIntel
[CHIPSEC] Platform: Unrecognized Platform
[CHIPSEC]    CPUID: B0671
[CHIPSEC]      VID: FFFF
[CHIPSEC]      DID: FFFF
[CHIPSEC]      RID: FF
[CHIPSEC] Executing command 'mem' with args ['read', '0x7851a000', '0x20f000', 'research/live-acpi-nvs-7851a000-0020f000.bin']

[CHIPSEC] Reading buffer from memory: PA = 0x000000007851A000, len = 0x20F000..
[CHIPSEC] Written 0x20F000 bytes to 'research/live-acpi-nvs-7851a000-0020f000.bin'
[CHIPSEC] Time elapsed 0.024
